eeschema (2011-nov-30)-testing  >> Creation date: Wed 25 Jan 2012 03:01:09 PM EST

#Cmp ( order = Reference )
| C1         0.10u       ; 399-1169-2-ND; Kemet       ; C0805C104M5RACTU
| C2         0.10u       ; 399-1169-2-ND; Kemet       ; C0805C104M5RACTU
| C3         0.10u       ; 399-1169-2-ND; Kemet       ; C0805C104M5RACTU
| C4         0.10u       ; 399-1169-2-ND; Kemet       ; C0805C104M5RACTU
| C5         10u         ; EEE-HB1E100AR; Panasonic - ECG; EEE-HB1E100AR
| C6         10u         ; EEE-HB1E100AR; Panasonic - ECG; EEE-HB1E100AR
| C7         1.0u        ; 587-2229-2-ND; Taiyo Yuden ; UMK212BJ105KG-T
| C8         0.10u       ; 399-1169-2-ND; Kemet       ; C0805C104M5RACTU
| D1         LED         ; 754-1131-2-ND; Kingbright Corp; APT2012SGC  
| D2         LED         ; 754-1131-2-ND; Kingbright Corp; APT2012SGC  
| D3         DIODE       ; n/a         ; Bourns      ; CD1206-S01575; Mouser Electronics; 652-CD1206-S01575 
| IC1        ATMEGA644P-A; ATMEGA644PA-AU-ND; Atmel       ; ATMEGA644PA-AU
| JP1        JUMPER      
| P1         CONN_3X2    
| P2         CONN_2      
| P3         CONN_6      
| P4         CONN_3POS_2.5MM_V
| P5         CONN_4      
| R1         1K          ; P1.00KCTR-ND; Panasonic - ECG; ERJ-6ENF1001V
| R2         1K          ; P1.00KCTR-ND; Panasonic - ECG; ERJ-6ENF1001V
| R3         10k         ; P10.0KCTR-ND; Panasonic - ECG; ERJ-6ENF1002V
| R4         330         ; P330CTR-ND  ; Panasonic - ECG; ERJ-6ENF3300V
| S1         SW_TACT     
| U1         7805        ; 497-1171-1-ND; STMicroelectronics; L7805CD2T-TR
| X1         XTAL_RESONATOR
#End Cmp

#Cmp ( order = Value )
| 0.10u        C1        ; 399-1169-2-ND; Kemet       ; C0805C104M5RACTU
| 0.10u        C2        ; 399-1169-2-ND; Kemet       ; C0805C104M5RACTU
| 0.10u        C3        ; 399-1169-2-ND; Kemet       ; C0805C104M5RACTU
| 0.10u        C4        ; 399-1169-2-ND; Kemet       ; C0805C104M5RACTU
| 0.10u        C8        ; 399-1169-2-ND; Kemet       ; C0805C104M5RACTU
| 1.0u         C7        ; 587-2229-2-ND; Taiyo Yuden ; UMK212BJ105KG-T
| 10k          R3        ; P10.0KCTR-ND; Panasonic - ECG; ERJ-6ENF1002V
| 10u          C5        ; EEE-HB1E100AR; Panasonic - ECG; EEE-HB1E100AR
| 10u          C6        ; EEE-HB1E100AR; Panasonic - ECG; EEE-HB1E100AR
| 1K           R1        ; P1.00KCTR-ND; Panasonic - ECG; ERJ-6ENF1001V
| 1K           R2        ; P1.00KCTR-ND; Panasonic - ECG; ERJ-6ENF1001V
| 330          R4        ; P330CTR-ND  ; Panasonic - ECG; ERJ-6ENF3300V
| 7805         U1        ; 497-1171-1-ND; STMicroelectronics; L7805CD2T-TR
| ATMEGA644P-A IC1       ; ATMEGA644PA-AU-ND; Atmel       ; ATMEGA644PA-AU
| CONN_2       P2        
| CONN_3POS_2.5MM_V P4        
| CONN_3X2     P1        
| CONN_4       P5        
| CONN_6       P3        
| DIODE        D3        ; n/a         ; Bourns      ; CD1206-S01575; Mouser Electronics; 652-CD1206-S01575 
| JUMPER       JP1       
| LED          D1        ; 754-1131-2-ND; Kingbright Corp; APT2012SGC  
| LED          D2        ; 754-1131-2-ND; Kingbright Corp; APT2012SGC  
| SW_TACT      S1        
| XTAL_RESONATOR X1        
#End Cmp

#End List
